BEFORE server.py=430a918edd8bd698  activation_plan.py=d0947461328da319

=== M1：路由忽略拒绝（恒返回计划）⇒ 期望拒绝用例 FAIL ===
M1 INJECTED
-- Docs: https://docs.pytest.org/en/stable/how-to/capture-warnings.html
=========================== short test summary info ============================
FAILED tests/integration/test_routing_api.py::test_unmapped_task_is_denied_with_200
FAILED tests/integration/test_routing_api.py::test_unprovisioned_workspace_lists_empty_and_denies
M1_EXIT=1 (期望非 0)

=== M2：取消严格字段（extra=forbid 移除）⇒ 期望未知字段用例 FAIL ===
M2 INJECTED

-- Docs: https://docs.pytest.org/en/stable/how-to/capture-warnings.html
=========================== short test summary info ============================
FAILED tests/integration/test_routing_api.py::test_unknown_request_field_is_rejected
M2_EXIT=1 (期望非 0)

=== M3：实现多发一个字段（合同未声明）⇒ 期望合同一致性用例 FAIL ===
M3 INJECTED

-- Docs: https://docs.pytest.org/en/stable/how-to/capture-warnings.html
=========================== short test summary info ============================
FAILED tests/integration/test_routing_api.py::test_activation_plan_contract_matches_implementation_field_for_field
M3_EXIT=1 (期望非 0)

=== 恢复后 ===
AFTER  server.py=430a918edd8bd698  activation_plan.py=d0947461328da319

-- Docs: https://docs.pytest.org/en/stable/how-to/capture-warnings.html
RESTORED_EXIT=0
