$ mvn -o -B test

[INFO] Scanning for projects...
[INFO] 
[INFO] --------------< com.dkws:spring-ai-alibaba-skill-runtime >--------------
[INFO] Building spring-ai-alibaba-skill-runtime 0.0.1-SNAPSHOT
[INFO] --------------------------------[ jar ]---------------------------------
[INFO] 
[INFO] --- maven-resources-plugin:3.3.1:resources (default-resources) @ spring-ai-alibaba-skill-runtime ---
[INFO] Copying 1 resource from src/main/resources to target/classes
[INFO] Copying 0 resource from src/main/resources to target/classes
[INFO] 
[INFO] --- maven-compiler-plugin:3.13.0:compile (default-compile) @ spring-ai-alibaba-skill-runtime ---
[INFO] Nothing to compile - all classes are up to date.
[INFO] 
[INFO] --- maven-resources-plugin:3.3.1:testResources (default-testResources) @ spring-ai-alibaba-skill-runtime ---
[INFO] skip non existing resourceDirectory /home/szf/dev/Leibniz-KERT/poc/spring-ai-alibaba-skill-runtime/src/test/resources
[INFO] 
[INFO] --- maven-compiler-plugin:3.13.0:testCompile (default-testCompile) @ spring-ai-alibaba-skill-runtime ---
[INFO] Nothing to compile - all classes are up to date.
[INFO] 
[INFO] --- maven-surefire-plugin:3.2.5:test (default-test) @ spring-ai-alibaba-skill-runtime ---
[INFO] Using auto detected provider org.apache.maven.surefire.junitplatform.JUnitPlatformProvider
[INFO] 
[INFO] -------------------------------------------------------
[INFO]  T E S T S
[INFO] -------------------------------------------------------
[INFO] Running com.dkws.skillruntime.contract.InternalContractProviderTest
[INFO] Tests run: 15, Failures: 0, Errors: 0, Skipped: 0, Time elapsed: 0.523 s -- in com.dkws.skillruntime.contract.InternalContractProviderTest
[INFO] Running com.dkws.skillruntime.contract.InternalContractSchemaTest
[INFO] Tests run: 27, Failures: 0, Errors: 0, Skipped: 0, Time elapsed: 0.139 s -- in com.dkws.skillruntime.contract.InternalContractSchemaTest
[INFO] Running com.dkws.skillruntime.contract.InternalContractHashTest
[INFO] Tests run: 7, Failures: 0, Errors: 0, Skipped: 0, Time elapsed: 0.534 s -- in com.dkws.skillruntime.contract.InternalContractHashTest
[INFO] Running com.dkws.skillruntime.contract.InternalContractConsumerTest
[INFO] Tests run: 24, Failures: 0, Errors: 0, Skipped: 0, Time elapsed: 0.070 s -- in com.dkws.skillruntime.contract.InternalContractConsumerTest
[INFO] Running com.dkws.skillruntime.service.SkillLifecycleServiceTest
[INFO] Tests run: 1, Failures: 0, Errors: 0, Skipped: 0, Time elapsed: 0.011 s -- in com.dkws.skillruntime.service.SkillLifecycleServiceTest
[INFO] 
[INFO] Results:
[INFO] 
[INFO] Tests run: 74, Failures: 0, Errors: 0, Skipped: 0
[INFO] 
[INFO] ------------------------------------------------------------------------
[INFO] BUILD SUCCESS
[INFO] ------------------------------------------------------------------------
[INFO] Total time:  3.213 s
[INFO] Finished at: 2026-08-30T23:11:05+08:00
[INFO] ------------------------------------------------------------------------
